Archive member included to satisfy reference by file (symbol)

/home/hosni/NXP/S32DS_Power_v2017.R1/Cross_Tools/powerpc-eabivle-4_9/bin/../lib/gcc/powerpc-eabivle/4.9.4/e200z4/fp/libgcc.a(eabivle.o)
                              ./src/main.o (__eabi)

Discarded input sections

 .text          0x00000000        0x0 /home/hosni/NXP/S32DS_Power_v2017.R1/Cross_Tools/powerpc-eabivle-4_9/bin/../lib/gcc/powerpc-eabivle/4.9.4/e200z4/fp/ecrti.o
 .data          0x00000000        0x0 /home/hosni/NXP/S32DS_Power_v2017.R1/Cross_Tools/powerpc-eabivle-4_9/bin/../lib/gcc/powerpc-eabivle/4.9.4/e200z4/fp/ecrti.o
 .bss           0x00000000        0x0 /home/hosni/NXP/S32DS_Power_v2017.R1/Cross_Tools/powerpc-eabivle-4_9/bin/../lib/gcc/powerpc-eabivle/4.9.4/e200z4/fp/ecrti.o
 .fixup         0x00000000        0x0 /home/hosni/NXP/S32DS_Power_v2017.R1/Cross_Tools/powerpc-eabivle-4_9/bin/../lib/gcc/powerpc-eabivle/4.9.4/e200z4/fp/ecrti.o
 .sbss          0x00000000        0x0 /home/hosni/NXP/S32DS_Power_v2017.R1/Cross_Tools/powerpc-eabivle-4_9/bin/../lib/gcc/powerpc-eabivle/4.9.4/e200z4/fp/ecrti.o
 .sbss2         0x00000000        0x0 /home/hosni/NXP/S32DS_Power_v2017.R1/Cross_Tools/powerpc-eabivle-4_9/bin/../lib/gcc/powerpc-eabivle/4.9.4/e200z4/fp/ecrti.o
 .gcc_except_table
                0x00000000        0x0 /home/hosni/NXP/S32DS_Power_v2017.R1/Cross_Tools/powerpc-eabivle-4_9/bin/../lib/gcc/powerpc-eabivle/4.9.4/e200z4/fp/ecrti.o
 .data          0x00000000        0x4 /home/hosni/NXP/S32DS_Power_v2017.R1/Cross_Tools/powerpc-eabivle-4_9/bin/../lib/gcc/powerpc-eabivle/4.9.4/e200z4/fp/crtbegin.o
 .group         0x00000000        0x8 ./src/main.o
 .group         0x00000000        0x8 ./src/main.o
 .group         0x00000000        0x8 ./src/main.o
 .group         0x00000000        0x8 ./src/main.o
 .group         0x00000000        0x8 ./src/main.o
 .group         0x00000000        0x8 ./src/main.o
 .group         0x00000000        0x8 ./src/main.o
 .group         0x00000000        0x8 ./src/main.o
 .group         0x00000000        0x8 ./src/main.o
 .group         0x00000000        0x8 ./src/main.o
 .group         0x00000000        0x8 ./src/main.o
 .group         0x00000000        0x8 ./src/main.o
 .group         0x00000000        0x8 ./src/main.o
 .text          0x00000000        0x0 ./src/main.o
 .data          0x00000000        0x0 ./src/main.o
 .bss           0x00000000        0x0 ./src/main.o
 .text.hw_init  0x00000000       0x14 ./src/main.o
 .text.clock_config
                0x00000000       0x26 ./src/main.o
 .data          0x00000000        0x0 ./src/intc_sw_handlers.o
 .bss           0x00000000        0x0 ./src/intc_sw_handlers.o
 .group         0x00000000        0x8 ./src/intc_SW_mode_isr_vectors_MPC5748G.o
 .group         0x00000000        0x8 ./src/intc_SW_mode_isr_vectors_MPC5748G.o
 .group         0x00000000        0x8 ./src/intc_SW_mode_isr_vectors_MPC5748G.o
 .group         0x00000000        0x8 ./src/intc_SW_mode_isr_vectors_MPC5748G.o
 .group         0x00000000        0x8 ./src/intc_SW_mode_isr_vectors_MPC5748G.o
 .group         0x00000000        0x8 ./src/intc_SW_mode_isr_vectors_MPC5748G.o
 .group         0x00000000        0x8 ./src/intc_SW_mode_isr_vectors_MPC5748G.o
 .group         0x00000000        0x8 ./src/intc_SW_mode_isr_vectors_MPC5748G.o
 .group         0x00000000        0x8 ./src/intc_SW_mode_isr_vectors_MPC5748G.o
 .group         0x00000000        0x8 ./src/intc_SW_mode_isr_vectors_MPC5748G.o
 .group         0x00000000        0x8 ./src/intc_SW_mode_isr_vectors_MPC5748G.o
 .group         0x00000000        0x8 ./src/intc_SW_mode_isr_vectors_MPC5748G.o
 .text          0x00000000        0x0 ./src/intc_SW_mode_isr_vectors_MPC5748G.o
 .data          0x00000000        0x0 ./src/intc_SW_mode_isr_vectors_MPC5748G.o
 .bss           0x00000000        0x0 ./src/intc_SW_mode_isr_vectors_MPC5748G.o
 .debug_macro   0x00000000      0x61c ./src/intc_SW_mode_isr_vectors_MPC5748G.o
 .debug_macro   0x00000000       0x52 ./src/intc_SW_mode_isr_vectors_MPC5748G.o
 .debug_macro   0x00000000       0xa0 ./src/intc_SW_mode_isr_vectors_MPC5748G.o
 .debug_macro   0x00000000       0x16 ./src/intc_SW_mode_isr_vectors_MPC5748G.o
 .debug_macro   0x00000000       0x64 ./src/intc_SW_mode_isr_vectors_MPC5748G.o
 .debug_macro   0x00000000      0x1a3 ./src/intc_SW_mode_isr_vectors_MPC5748G.o
 .debug_macro   0x00000000      0x133 ./src/intc_SW_mode_isr_vectors_MPC5748G.o
 .debug_macro   0x00000000       0x9d ./src/intc_SW_mode_isr_vectors_MPC5748G.o
 .debug_macro   0x00000000       0x10 ./src/intc_SW_mode_isr_vectors_MPC5748G.o
 .debug_macro   0x00000000      0x15b ./src/intc_SW_mode_isr_vectors_MPC5748G.o
 .debug_macro   0x00000000       0x28 ./src/intc_SW_mode_isr_vectors_MPC5748G.o
 .debug_macro   0x00000000       0x58 ./src/intc_SW_mode_isr_vectors_MPC5748G.o
 .group         0x00000000        0x8 ./src/flashrchw.o
 .group         0x00000000        0x8 ./src/flashrchw.o
 .group         0x00000000        0x8 ./src/flashrchw.o
 .group         0x00000000        0x8 ./src/flashrchw.o
 .group         0x00000000        0x8 ./src/flashrchw.o
 .group         0x00000000        0x8 ./src/flashrchw.o
 .group         0x00000000        0x8 ./src/flashrchw.o
 .group         0x00000000        0x8 ./src/flashrchw.o
 .group         0x00000000        0x8 ./src/flashrchw.o
 .group         0x00000000        0x8 ./src/flashrchw.o
 .group         0x00000000        0x8 ./src/flashrchw.o
 .group         0x00000000        0x8 ./src/flashrchw.o
 .text          0x00000000        0x0 ./src/flashrchw.o
 .data          0x00000000        0x0 ./src/flashrchw.o
 .bss           0x00000000        0x0 ./src/flashrchw.o
 .debug_macro   0x00000000      0x61c ./src/flashrchw.o
 .debug_macro   0x00000000       0x52 ./src/flashrchw.o
 .debug_macro   0x00000000       0xa0 ./src/flashrchw.o
 .debug_macro   0x00000000       0x16 ./src/flashrchw.o
 .debug_macro   0x00000000       0x64 ./src/flashrchw.o
 .debug_macro   0x00000000      0x1a3 ./src/flashrchw.o
 .debug_macro   0x00000000      0x133 ./src/flashrchw.o
 .debug_macro   0x00000000       0x9d ./src/flashrchw.o
 .debug_macro   0x00000000       0x10 ./src/flashrchw.o
 .debug_macro   0x00000000      0x15b ./src/flashrchw.o
 .debug_macro   0x00000000       0x28 ./src/flashrchw.o
 .debug_macro   0x00000000       0x58 ./src/flashrchw.o
 .group         0x00000000        0x8 ./src/Vector.o
 .group         0x00000000        0x8 ./src/Vector.o
 .group         0x00000000        0x8 ./src/Vector.o
 .group         0x00000000        0x8 ./src/Vector.o
 .group         0x00000000        0x8 ./src/Vector.o
 .text          0x00000000        0x0 ./src/Vector.o
 .data          0x00000000        0x0 ./src/Vector.o
 .bss           0x00000000        0x0 ./src/Vector.o
 .debug_macro   0x00000000      0x61c ./src/Vector.o
 .debug_macro   0x00000000       0x52 ./src/Vector.o
 .debug_macro   0x00000000       0xa0 ./src/Vector.o
 .debug_macro   0x00000000       0x16 ./src/Vector.o
 .group         0x00000000        0x8 ./src/MPC57xx__Interrupt_Init.o
 .group         0x00000000        0x8 ./src/MPC57xx__Interrupt_Init.o
 .group         0x00000000        0x8 ./src/MPC57xx__Interrupt_Init.o
 .group         0x00000000        0x8 ./src/MPC57xx__Interrupt_Init.o
 .group         0x00000000        0x8 ./src/MPC57xx__Interrupt_Init.o
 .group         0x00000000        0x8 ./src/MPC57xx__Interrupt_Init.o
 .group         0x00000000        0x8 ./src/MPC57xx__Interrupt_Init.o
 .group         0x00000000        0x8 ./src/MPC57xx__Interrupt_Init.o
 .group         0x00000000        0x8 ./src/MPC57xx__Interrupt_Init.o
 .group         0x00000000        0x8 ./src/MPC57xx__Interrupt_Init.o
 .group         0x00000000        0x8 ./src/MPC57xx__Interrupt_Init.o
 .group         0x00000000        0x8 ./src/MPC57xx__Interrupt_Init.o
 .group         0x00000000        0x8 ./src/MPC57xx__Interrupt_Init.o
 .group         0x00000000        0x8 ./src/MPC57xx__Interrupt_Init.o
 .text          0x00000000        0x0 ./src/MPC57xx__Interrupt_Init.o
 .data          0x00000000        0x0 ./src/MPC57xx__Interrupt_Init.o
 .bss           0x00000000        0x0 ./src/MPC57xx__Interrupt_Init.o
 .debug_macro   0x00000000      0x61c ./src/MPC57xx__Interrupt_Init.o
 .debug_macro   0x00000000       0x52 ./src/MPC57xx__Interrupt_Init.o
 .debug_macro   0x00000000       0xa0 ./src/MPC57xx__Interrupt_Init.o
 .debug_macro   0x00000000       0x16 ./src/MPC57xx__Interrupt_Init.o
 .debug_macro   0x00000000       0x64 ./src/MPC57xx__Interrupt_Init.o
 .debug_macro   0x00000000      0x1a3 ./src/MPC57xx__Interrupt_Init.o
 .debug_macro   0x00000000      0x133 ./src/MPC57xx__Interrupt_Init.o
 .debug_macro   0x00000000       0x9d ./src/MPC57xx__Interrupt_Init.o
 .debug_macro   0x00000000       0x10 ./src/MPC57xx__Interrupt_Init.o
 .debug_macro   0x00000000      0x15b ./src/MPC57xx__Interrupt_Init.o
 .debug_macro   0x00000000       0x28 ./src/MPC57xx__Interrupt_Init.o
 .debug_macro   0x00000000       0x58 ./src/MPC57xx__Interrupt_Init.o
 .debug_macro   0x00000000    0x17154 ./src/MPC57xx__Interrupt_Init.o
 .debug_macro   0x00000000       0x2e ./src/MPC57xx__Interrupt_Init.o
 .text          0x00000000        0x0 ./Project_Settings/Startup_Code/startup.o
 .data          0x00000000        0x0 ./Project_Settings/Startup_Code/startup.o
 .bss           0x00000000        0x0 ./Project_Settings/Startup_Code/startup.o
 .bss           0x00000000        0x0 /home/hosni/NXP/S32DS_Power_v2017.R1/Cross_Tools/powerpc-eabivle-4_9/bin/../lib/gcc/powerpc-eabivle/4.9.4/e200z4/fp/libgcc.a(eabivle.o)
 .data          0x00000000        0x0 /home/hosni/NXP/S32DS_Power_v2017.R1/Cross_Tools/powerpc-eabivle-4_9/bin/../lib/gcc/powerpc-eabivle/4.9.4/e200z4/fp/crtend.o
 .bss           0x00000000        0x0 /home/hosni/NXP/S32DS_Power_v2017.R1/Cross_Tools/powerpc-eabivle-4_9/bin/../lib/gcc/powerpc-eabivle/4.9.4/e200z4/fp/crtend.o
 .jcr           0x00000000        0x4 /home/hosni/NXP/S32DS_Power_v2017.R1/Cross_Tools/powerpc-eabivle-4_9/bin/../lib/gcc/powerpc-eabivle/4.9.4/e200z4/fp/crtend.o
 .text          0x00000000        0x0 /home/hosni/NXP/S32DS_Power_v2017.R1/Cross_Tools/powerpc-eabivle-4_9/bin/../lib/gcc/powerpc-eabivle/4.9.4/e200z4/fp/ecrtn.o
 .data          0x00000000        0x0 /home/hosni/NXP/S32DS_Power_v2017.R1/Cross_Tools/powerpc-eabivle-4_9/bin/../lib/gcc/powerpc-eabivle/4.9.4/e200z4/fp/ecrtn.o
 .bss           0x00000000        0x0 /home/hosni/NXP/S32DS_Power_v2017.R1/Cross_Tools/powerpc-eabivle-4_9/bin/../lib/gcc/powerpc-eabivle/4.9.4/e200z4/fp/ecrtn.o
 .fixup         0x00000000        0x0 /home/hosni/NXP/S32DS_Power_v2017.R1/Cross_Tools/powerpc-eabivle-4_9/bin/../lib/gcc/powerpc-eabivle/4.9.4/e200z4/fp/ecrtn.o
 .sdata         0x00000000        0x0 /home/hosni/NXP/S32DS_Power_v2017.R1/Cross_Tools/powerpc-eabivle-4_9/bin/../lib/gcc/powerpc-eabivle/4.9.4/e200z4/fp/ecrtn.o
 .sdata2        0x00000000        0x0 /home/hosni/NXP/S32DS_Power_v2017.R1/Cross_Tools/powerpc-eabivle-4_9/bin/../lib/gcc/powerpc-eabivle/4.9.4/e200z4/fp/ecrtn.o
 .gcc_except_table
                0x00000000        0x0 /home/hosni/NXP/S32DS_Power_v2017.R1/Cross_Tools/powerpc-eabivle-4_9/bin/../lib/gcc/powerpc-eabivle/4.9.4/e200z4/fp/ecrtn.o

Memory Configuration

Name             Origin             Length             Attributes
flash_rchw       0x00fa0000         0x00000004
cpu0_reset_vec   0x00fa0010         0x00000004
cpu1_reset_vec   0x00fa0014         0x00000004
cpu2_reset_vec   0x00fa0004         0x00000004
m_text           0x01000000         0x001d0000
m_data           0x40000000         0x00040000
*default*        0x00000000         0xffffffff

Linker script and memory map

LOAD /home/hosni/NXP/S32DS_Power_v2017.R1/Cross_Tools/powerpc-eabivle-4_9/bin/../lib/gcc/powerpc-eabivle/4.9.4/e200z4/fp/ecrti.o
LOAD /home/hosni/NXP/S32DS_Power_v2017.R1/Cross_Tools/powerpc-eabivle-4_9/bin/../lib/gcc/powerpc-eabivle/4.9.4/e200z4/fp/crtbegin.o
LOAD ./src/main.o
LOAD ./src/intc_sw_handlers.o
LOAD ./src/intc_SW_mode_isr_vectors_MPC5748G.o
LOAD ./src/flashrchw.o
LOAD ./src/Vector.o
LOAD ./src/MPC57xx__Interrupt_Init.o
LOAD ./Project_Settings/Startup_Code/startup.o
START GROUP
LOAD /home/hosni/NXP/S32DS_Power_v2017.R1/S32DS/e200_ewl2/lib/e200z4/fp/libc99.a
LOAD /home/hosni/NXP/S32DS_Power_v2017.R1/S32DS/e200_ewl2/lib/e200z4/fp/libm.a
LOAD /home/hosni/NXP/S32DS_Power_v2017.R1/Cross_Tools/powerpc-eabivle-4_9/bin/../lib/gcc/powerpc-eabivle/4.9.4/e200z4/fp/libgcc.a
LOAD /home/hosni/NXP/S32DS_Power_v2017.R1/S32DS/e200_ewl2/lib/e200z4/fp/librt.a
END GROUP
LOAD /home/hosni/NXP/S32DS_Power_v2017.R1/Cross_Tools/powerpc-eabivle-4_9/bin/../lib/gcc/powerpc-eabivle/4.9.4/e200z4/fp/crtend.o
LOAD /home/hosni/NXP/S32DS_Power_v2017.R1/Cross_Tools/powerpc-eabivle-4_9/bin/../lib/gcc/powerpc-eabivle/4.9.4/e200z4/fp/ecrtn.o
                0x00000000                __HEAP_SIZE = 0x0
                0x00001000                __STACK_SIZE = 0x1000
                0x00040000                SRAM_SIZE = 0x40000
                0x40000000                SRAM_BASE_ADDR = 0x40000000

.rchw           0x00fa0000        0x4
 *(.rchw)
 .rchw          0x00fa0000        0x4 ./src/flashrchw.o
                0x00fa0000                RCHW1

.cpu0_reset_vector
                0x00fa0010        0x4
 *(.cpu0_reset_vector)
 .cpu0_reset_vector
                0x00fa0010        0x4 ./src/flashrchw.o
                0x00fa0010                RCHW2_0

.cpu1_reset_vector
 *(.cpu1_reset_vector)

.cpu2_reset_vector
 *(.cpu2_reset_vector)

.startup        0x01000000      0x1ea
                0x01000000                __start = .
 *(.startup)
 .startup       0x01000000      0x1ea ./Project_Settings/Startup_Code/startup.o
                0x01000000                _start

.core_exceptions_table
                0x01001000       0xf4
                0x01001000                __IVPR_VALUE = .
 *(.core_exceptions_table)
 .core_exceptions_table
                0x01001000       0xf4 ./src/Vector.o
                0x01001000                VTABLE
                0x01001000                IVOR0_Vector
                0x01001010                IVOR1_Vector
                0x01001020                IVOR2_Vector
                0x01001030                IVOR3_Vector
                0x01001040                IVOR4_Vector
                0x01001050                IVOR5_Vector
                0x01001060                IVOR6_Vector
                0x01001070                IVOR7_Vector
                0x01001080                IVOR8_Vector
                0x01001090                IVOR9_Vector
                0x010010a0                IVOR10_Vector
                0x010010b0                IVOR11_Vector
                0x010010c0                IVOR12_Vector
                0x010010d0                IVOR13_Vector
                0x010010e0                IVOR14_Vector
                0x010010f0                IVOR15_Vector

.intc_vector_table
                0x01002000      0xbc8
 *(.intc_vector_table)
 .intc_vector_table
                0x01002000      0xbc8 ./src/intc_SW_mode_isr_vectors_MPC5748G.o
                0x01002000                IntcIsrVectorTable

.text           0x01002bd0      0x7e0
 *(.text.startup)
 *(.text)
 .text          0x01002bd0      0x16c /home/hosni/NXP/S32DS_Power_v2017.R1/Cross_Tools/powerpc-eabivle-4_9/bin/../lib/gcc/powerpc-eabivle/4.9.4/e200z4/fp/crtbegin.o
 *fill*         0x01002d3c        0x4 
 .text          0x01002d40       0x48 ./src/intc_sw_handlers.o
                0x01002d40                IVOR4_Handler
 .text          0x01002d88       0x4a /home/hosni/NXP/S32DS_Power_v2017.R1/Cross_Tools/powerpc-eabivle-4_9/bin/../lib/gcc/powerpc-eabivle/4.9.4/e200z4/fp/libgcc.a(eabivle.o)
                0x01002d88                __eabi
 *fill*         0x01002dd2        0x2 
 .text          0x01002dd4       0x48 /home/hosni/NXP/S32DS_Power_v2017.R1/Cross_Tools/powerpc-eabivle-4_9/bin/../lib/gcc/powerpc-eabivle/4.9.4/e200z4/fp/crtend.o
 *(.text.*)
 .text.main     0x01002e1c      0x144 ./src/main.o
                0x01002e1c                main
 .text.vGpioConfigure
                0x01002f60       0xa4 ./src/main.o
                0x01002f60                vGpioConfigure
 .text.vPitConfigure
                0x01003004       0xa2 ./src/main.o
                0x01003004                vPitConfigure
 *fill*         0x010030a6        0x2 
 .text.SysClk_Init
                0x010030a8       0xb6 ./src/main.o
                0x010030a8                SysClk_Init
 *fill*         0x0100315e        0x2 
 .text.InitPeriClkGen
                0x01003160       0x90 ./src/main.o
                0x01003160                InitPeriClkGen
 .text.peri_clock_gating
                0x010031f0       0x3c ./src/main.o
                0x010031f0                peri_clock_gating
 .text.vPit0_ISR
                0x0100322c       0x54 ./src/main.o
                0x0100322c                vPit0_ISR
 .text.dummy    0x01003280        0xc ./src/intc_SW_mode_isr_vectors_MPC5748G.o
                0x01003280                dummy
 .text.SetIVPR  0x0100328c       0x1a ./src/MPC57xx__Interrupt_Init.o
                0x0100328c                SetIVPR
 *fill*         0x010032a6        0x2 
 .text.InitINTC
                0x010032a8       0x68 ./src/MPC57xx__Interrupt_Init.o
                0x010032a8                InitINTC
 .text.enableIrq
                0x01003310       0x36 ./src/MPC57xx__Interrupt_Init.o
                0x01003310                enableIrq
 *fill*         0x01003346        0x2 
 .text.xcptn_xmpl
                0x01003348       0x34 ./src/MPC57xx__Interrupt_Init.o
                0x01003348                xcptn_xmpl
 *(.init)
 .init          0x0100337c        0xa /home/hosni/NXP/S32DS_Power_v2017.R1/Cross_Tools/powerpc-eabivle-4_9/bin/../lib/gcc/powerpc-eabivle/4.9.4/e200z4/fp/ecrti.o
                0x0100337c                __init
 .init          0x01003386        0x4 /home/hosni/NXP/S32DS_Power_v2017.R1/Cross_Tools/powerpc-eabivle-4_9/bin/../lib/gcc/powerpc-eabivle/4.9.4/e200z4/fp/crtbegin.o
 .init          0x0100338a        0x4 /home/hosni/NXP/S32DS_Power_v2017.R1/Cross_Tools/powerpc-eabivle-4_9/bin/../lib/gcc/powerpc-eabivle/4.9.4/e200z4/fp/crtend.o
 .init          0x0100338e        0xa /home/hosni/NXP/S32DS_Power_v2017.R1/Cross_Tools/powerpc-eabivle-4_9/bin/../lib/gcc/powerpc-eabivle/4.9.4/e200z4/fp/ecrtn.o
 *(.fini)
 .fini          0x01003398        0xa /home/hosni/NXP/S32DS_Power_v2017.R1/Cross_Tools/powerpc-eabivle-4_9/bin/../lib/gcc/powerpc-eabivle/4.9.4/e200z4/fp/ecrti.o
                0x01003398                __fini
 .fini          0x010033a2        0x4 /home/hosni/NXP/S32DS_Power_v2017.R1/Cross_Tools/powerpc-eabivle-4_9/bin/../lib/gcc/powerpc-eabivle/4.9.4/e200z4/fp/crtbegin.o
 .fini          0x010033a6        0xa /home/hosni/NXP/S32DS_Power_v2017.R1/Cross_Tools/powerpc-eabivle-4_9/bin/../lib/gcc/powerpc-eabivle/4.9.4/e200z4/fp/ecrtn.o
                0x010033b0                . = ALIGN (0x10)

.glink          0x010033b0        0x0
 .glink         0x010033b0        0x0 /home/hosni/NXP/S32DS_Power_v2017.R1/Cross_Tools/powerpc-eabivle-4_9/bin/../lib/gcc/powerpc-eabivle/4.9.4/e200z4/fp/crtbegin.o

.ctors          0x010033b0        0x8
                0x010033b0                __CTOR_LIST__ = .
 *crtbegin.o(.ctors)
 .ctors         0x010033b0        0x4 /home/hosni/NXP/S32DS_Power_v2017.R1/Cross_Tools/powerpc-eabivle-4_9/bin/../lib/gcc/powerpc-eabivle/4.9.4/e200z4/fp/crtbegin.o
 *crtbegin?.o(.ctors)
 *(EXCLUDE_FILE(*crtend.o *crtend?.o) .ctors)
 .ctors         0x010033b4        0x0 /home/hosni/NXP/S32DS_Power_v2017.R1/Cross_Tools/powerpc-eabivle-4_9/bin/../lib/gcc/powerpc-eabivle/4.9.4/e200z4/fp/ecrti.o
 .ctors         0x010033b4        0x0 /home/hosni/NXP/S32DS_Power_v2017.R1/Cross_Tools/powerpc-eabivle-4_9/bin/../lib/gcc/powerpc-eabivle/4.9.4/e200z4/fp/ecrtn.o
 *(SORT(.ctors.*))
 *(.ctors)
 .ctors         0x010033b4        0x4 /home/hosni/NXP/S32DS_Power_v2017.R1/Cross_Tools/powerpc-eabivle-4_9/bin/../lib/gcc/powerpc-eabivle/4.9.4/e200z4/fp/crtend.o
                0x010033b8                __CTOR_END__ = .

.dtors          0x010033b8        0x8
                0x010033b8                __DTOR_LIST__ = .
 *crtbegin.o(.dtors)
 .dtors         0x010033b8        0x4 /home/hosni/NXP/S32DS_Power_v2017.R1/Cross_Tools/powerpc-eabivle-4_9/bin/../lib/gcc/powerpc-eabivle/4.9.4/e200z4/fp/crtbegin.o
 *crtbegin?.o(.dtors)
 *(EXCLUDE_FILE(*crtend.o *crtend?.o) .dtors)
 .dtors         0x010033bc        0x0 /home/hosni/NXP/S32DS_Power_v2017.R1/Cross_Tools/powerpc-eabivle-4_9/bin/../lib/gcc/powerpc-eabivle/4.9.4/e200z4/fp/ecrti.o
 .dtors         0x010033bc        0x0 /home/hosni/NXP/S32DS_Power_v2017.R1/Cross_Tools/powerpc-eabivle-4_9/bin/../lib/gcc/powerpc-eabivle/4.9.4/e200z4/fp/ecrtn.o
 *(SORT(.dtors.*))
 *(.dtors)
 .dtors         0x010033bc        0x4 /home/hosni/NXP/S32DS_Power_v2017.R1/Cross_Tools/powerpc-eabivle-4_9/bin/../lib/gcc/powerpc-eabivle/4.9.4/e200z4/fp/crtend.o
                0x010033c0                __DTOR_END__ = .

.preinit_array  0x010033c0        0x0
                [!provide]                PROVIDE (__preinit_array_start, .)
 *(.preinit_array*)
                [!provide]                PROVIDE (__preinit_array_end, .)

.init_array     0x010033c0        0x0
                [!provide]                PROVIDE (__init_array_start, .)
 *(SORT(.init_array.*))
 *(.init_array*)
                [!provide]                PROVIDE (__init_array_end, .)

.fini_array     0x010033c0        0x0
                [!provide]                PROVIDE (__fini_array_start, .)
 *(SORT(.fini_array.*))
 *(.fini_array*)
                [!provide]                PROVIDE (__fini_array_end, .)

.rodata
 *(.rodata)
 *(.rodata.*)

.eh_frame_hdr
 *(.eh_frame_hdr)

.eh_frame       0x010033c0        0x8
 *(.eh_frame)
 .eh_frame      0x010033c0        0x0 /home/hosni/NXP/S32DS_Power_v2017.R1/Cross_Tools/powerpc-eabivle-4_9/bin/../lib/gcc/powerpc-eabivle/4.9.4/e200z4/fp/ecrti.o
                0x010033c0                __EH_FRAME_BEGIN__
 .eh_frame      0x010033c0        0x0 /home/hosni/NXP/S32DS_Power_v2017.R1/Cross_Tools/powerpc-eabivle-4_9/bin/../lib/gcc/powerpc-eabivle/4.9.4/e200z4/fp/crtbegin.o
 .eh_frame      0x010033c0        0x0 /home/hosni/NXP/S32DS_Power_v2017.R1/Cross_Tools/powerpc-eabivle-4_9/bin/../lib/gcc/powerpc-eabivle/4.9.4/e200z4/fp/crtbegin.o
 .eh_frame      0x010033c0        0x4 /home/hosni/NXP/S32DS_Power_v2017.R1/Cross_Tools/powerpc-eabivle-4_9/bin/../lib/gcc/powerpc-eabivle/4.9.4/e200z4/fp/crtend.o
 .eh_frame      0x010033c4        0x4 /home/hosni/NXP/S32DS_Power_v2017.R1/Cross_Tools/powerpc-eabivle-4_9/bin/../lib/gcc/powerpc-eabivle/4.9.4/e200z4/fp/ecrtn.o
                0x010033c4                __EH_FRAME_END__

.data           0x40000000        0x4 load address 0x010033c8
 *(.data)
 .data          0x40000000        0x4 /home/hosni/NXP/S32DS_Power_v2017.R1/Cross_Tools/powerpc-eabivle-4_9/bin/../lib/gcc/powerpc-eabivle/4.9.4/e200z4/fp/libgcc.a(eabivle.o)
 *(.data.*)

.jcr            0x40000004        0x0 load address 0x010033cc
 .jcr           0x40000004        0x0 /home/hosni/NXP/S32DS_Power_v2017.R1/Cross_Tools/powerpc-eabivle-4_9/bin/../lib/gcc/powerpc-eabivle/4.9.4/e200z4/fp/crtbegin.o

.tm_clone_table
                0x40000004        0x0 load address 0x010033cc
 .tm_clone_table
                0x40000004        0x0 /home/hosni/NXP/S32DS_Power_v2017.R1/Cross_Tools/powerpc-eabivle-4_9/bin/../lib/gcc/powerpc-eabivle/4.9.4/e200z4/fp/crtbegin.o
 .tm_clone_table
                0x40000004        0x0 /home/hosni/NXP/S32DS_Power_v2017.R1/Cross_Tools/powerpc-eabivle-4_9/bin/../lib/gcc/powerpc-eabivle/4.9.4/e200z4/fp/crtend.o

.got2           0x40000004       0x1c load address 0x010033cc
 .got2          0x40000004       0x1c /home/hosni/NXP/S32DS_Power_v2017.R1/Cross_Tools/powerpc-eabivle-4_9/bin/../lib/gcc/powerpc-eabivle/4.9.4/e200z4/fp/libgcc.a(eabivle.o)

.sdata2         0x40000020        0x0 load address 0x010033e8
 *(.sdata2)
 .sdata2        0x40000020        0x0 /home/hosni/NXP/S32DS_Power_v2017.R1/Cross_Tools/powerpc-eabivle-4_9/bin/../lib/gcc/powerpc-eabivle/4.9.4/e200z4/fp/ecrti.o
 .sdata2        0x40000020        0x0 /home/hosni/NXP/S32DS_Power_v2017.R1/Cross_Tools/powerpc-eabivle-4_9/bin/../lib/gcc/powerpc-eabivle/4.9.4/e200z4/fp/crtbegin.o
 *(.sdata2.*)

.sbss2          0x40000020        0x0 load address 0x010033e8
 *(.sbss2)
 .sbss2         0x40000020        0x0 /home/hosni/NXP/S32DS_Power_v2017.R1/Cross_Tools/powerpc-eabivle-4_9/bin/../lib/gcc/powerpc-eabivle/4.9.4/e200z4/fp/ecrtn.o
 *(.sbss2.*)

.rela.dyn       0x40000020        0x0 load address 0x010033e8
 .rela.iplt     0x40000020        0x0 /home/hosni/NXP/S32DS_Power_v2017.R1/Cross_Tools/powerpc-eabivle-4_9/bin/../lib/gcc/powerpc-eabivle/4.9.4/e200z4/fp/crtbegin.o
 .rela.text     0x40000020        0x0 /home/hosni/NXP/S32DS_Power_v2017.R1/Cross_Tools/powerpc-eabivle-4_9/bin/../lib/gcc/powerpc-eabivle/4.9.4/e200z4/fp/crtbegin.o
 .rela.got2     0x40000020        0x0 /home/hosni/NXP/S32DS_Power_v2017.R1/Cross_Tools/powerpc-eabivle-4_9/bin/../lib/gcc/powerpc-eabivle/4.9.4/e200z4/fp/crtbegin.o

.sdata          0x40000020        0x0 load address 0x010033e8
 *(.sdata)
 .sdata         0x40000020        0x0 /home/hosni/NXP/S32DS_Power_v2017.R1/Cross_Tools/powerpc-eabivle-4_9/bin/../lib/gcc/powerpc-eabivle/4.9.4/e200z4/fp/ecrti.o
 .sdata         0x40000020        0x0 /home/hosni/NXP/S32DS_Power_v2017.R1/Cross_Tools/powerpc-eabivle-4_9/bin/../lib/gcc/powerpc-eabivle/4.9.4/e200z4/fp/crtbegin.o
 *(.sdata.*)

.bss            0x40000020       0x20 load address 0x010033e8
                0x40000020                __BSS_START = .
 *(.sbss)
 .sbss          0x40000020        0x0 /home/hosni/NXP/S32DS_Power_v2017.R1/Cross_Tools/powerpc-eabivle-4_9/bin/../lib/gcc/powerpc-eabivle/4.9.4/e200z4/fp/ecrtn.o
                0x40000020                __SBSS_END__
 *(.sbss.*)
 *(.bss)
 .bss           0x40000020       0x20 /home/hosni/NXP/S32DS_Power_v2017.R1/Cross_Tools/powerpc-eabivle-4_9/bin/../lib/gcc/powerpc-eabivle/4.9.4/e200z4/fp/crtbegin.o
 *(.bss.*)
 *(COMMON)
                0x40000040                __BSS_END = .

.iplt           0x40000040        0x0 load address 0x010033e8
 .iplt          0x40000040        0x0 /home/hosni/NXP/S32DS_Power_v2017.R1/Cross_Tools/powerpc-eabivle-4_9/bin/../lib/gcc/powerpc-eabivle/4.9.4/e200z4/fp/crtbegin.o

.stack          0x40000040     0x1004 load address 0x010033f0
                0x40000040                __HEAP = .
                [!provide]                PROVIDE (_end, .)
                [!provide]                PROVIDE (end, .)
                0x40000040                . = (. + __HEAP_SIZE)
                0x40000040                __HEAP_END = .
                0x40000040                _stack_end = .
                0x40001040                . = (. + __STACK_SIZE)
 *fill*         0x40000040     0x1000 
                0x40001040                _stack_addr = .
                0x40001040                __SP_INIT = .
                0x40001044                . = (. + 0x4)
 *fill*         0x40001040        0x4 
                0x40000000                __DATA_SRAM_ADDR = ADDR (.data)
                0x40000020                __SDATA_SRAM_ADDR = ADDR (.sdata)
                0x00000004                __DATA_SIZE = SIZEOF (.data)
                0x00000000                __SDATA_SIZE = SIZEOF (.sdata)
                0x010033c8                __DATA_ROM_ADDR = LOADADDR (.data)
                0x010033e8                __SDATA_ROM_ADDR = LOADADDR (.sdata)
                0x00040000                __SRAM_SIZE = SRAM_SIZE
                0x40000000                __SRAM_BASE_ADDR = SRAM_BASE_ADDR
                0x00000020                __BSS_SIZE = (__BSS_END - __BSS_START)
OUTPUT(BlinkLED_PIT_Z4_0.elf elf32-powerpc)

.comment        0x00000000       0xa7
 .comment       0x00000000        0xd /home/hosni/NXP/S32DS_Power_v2017.R1/Cross_Tools/powerpc-eabivle-4_9/bin/../lib/gcc/powerpc-eabivle/4.9.4/e200z4/fp/ecrti.o
                                  0xe (size before relaxing)
 .comment       0x0000000d       0x8d /home/hosni/NXP/S32DS_Power_v2017.R1/Cross_Tools/powerpc-eabivle-4_9/bin/../lib/gcc/powerpc-eabivle/4.9.4/e200z4/fp/crtbegin.o
                                 0x8e (size before relaxing)
 .comment       0x0000009a       0x8e ./src/main.o
 .comment       0x0000009a       0x8e ./src/intc_SW_mode_isr_vectors_MPC5748G.o
 .comment       0x0000009a       0x8e ./src/flashrchw.o
 .comment       0x0000009a       0x8e ./src/Vector.o
 .comment       0x0000009a       0x8e ./src/MPC57xx__Interrupt_Init.o
 .comment       0x0000009a       0x8e /home/hosni/NXP/S32DS_Power_v2017.R1/Cross_Tools/powerpc-eabivle-4_9/bin/../lib/gcc/powerpc-eabivle/4.9.4/e200z4/fp/crtend.o
 .comment       0x0000009a        0xd /home/hosni/NXP/S32DS_Power_v2017.R1/Cross_Tools/powerpc-eabivle-4_9/bin/../lib/gcc/powerpc-eabivle/4.9.4/e200z4/fp/ecrtn.o
                                  0xe (size before relaxing)

.PPC.EMB.apuinfo
                0x00000000       0x18
 .PPC.EMB.apuinfo
                0x00000000       0x18 /home/hosni/NXP/S32DS_Power_v2017.R1/Cross_Tools/powerpc-eabivle-4_9/bin/../lib/gcc/powerpc-eabivle/4.9.4/e200z4/fp/ecrti.o
 .PPC.EMB.apuinfo
                0x00000018       0x18 /home/hosni/NXP/S32DS_Power_v2017.R1/Cross_Tools/powerpc-eabivle-4_9/bin/../lib/gcc/powerpc-eabivle/4.9.4/e200z4/fp/crtbegin.o
 .PPC.EMB.apuinfo
                0x00000030       0x18 ./src/main.o
 .PPC.EMB.apuinfo
                0x00000048       0x18 ./src/intc_sw_handlers.o
 .PPC.EMB.apuinfo
                0x00000060       0x18 ./src/intc_SW_mode_isr_vectors_MPC5748G.o
 .PPC.EMB.apuinfo
                0x00000078       0x18 ./src/Vector.o
 .PPC.EMB.apuinfo
                0x00000090       0x18 ./src/MPC57xx__Interrupt_Init.o
 .PPC.EMB.apuinfo
                0x000000a8       0x18 ./Project_Settings/Startup_Code/startup.o
 .PPC.EMB.apuinfo
                0x000000c0       0x18 /home/hosni/NXP/S32DS_Power_v2017.R1/Cross_Tools/powerpc-eabivle-4_9/bin/../lib/gcc/powerpc-eabivle/4.9.4/e200z4/fp/libgcc.a(eabivle.o)
 .PPC.EMB.apuinfo
                0x000000d8       0x18 /home/hosni/NXP/S32DS_Power_v2017.R1/Cross_Tools/powerpc-eabivle-4_9/bin/../lib/gcc/powerpc-eabivle/4.9.4/e200z4/fp/crtend.o
 .PPC.EMB.apuinfo
                0x000000f0       0x18 /home/hosni/NXP/S32DS_Power_v2017.R1/Cross_Tools/powerpc-eabivle-4_9/bin/../lib/gcc/powerpc-eabivle/4.9.4/e200z4/fp/ecrtn.o

.debug_info     0x00000000     0x56c3
 .debug_info    0x00000000     0x4e20 ./src/main.o
 .debug_info    0x00004e20       0x8e ./src/intc_sw_handlers.o
 .debug_info    0x00004eae       0xb4 ./src/intc_SW_mode_isr_vectors_MPC5748G.o
 .debug_info    0x00004f62       0x93 ./src/flashrchw.o
 .debug_info    0x00004ff5       0x21 ./src/Vector.o
 .debug_info    0x00005016      0x60e ./src/MPC57xx__Interrupt_Init.o
 .debug_info    0x00005624       0x9f ./Project_Settings/Startup_Code/startup.o

.debug_abbrev   0x00000000      0x3fc
 .debug_abbrev  0x00000000      0x198 ./src/main.o
 .debug_abbrev  0x00000198       0x14 ./src/intc_sw_handlers.o
 .debug_abbrev  0x000001ac       0x7c ./src/intc_SW_mode_isr_vectors_MPC5748G.o
 .debug_abbrev  0x00000228       0x4e ./src/flashrchw.o
 .debug_abbrev  0x00000276       0x13 ./src/Vector.o
 .debug_abbrev  0x00000289      0x15f ./src/MPC57xx__Interrupt_Init.o
 .debug_abbrev  0x000003e8       0x14 ./Project_Settings/Startup_Code/startup.o

.debug_aranges  0x00000000      0x128
 .debug_aranges
                0x00000000       0x60 ./src/main.o
 .debug_aranges
                0x00000060       0x20 ./src/intc_sw_handlers.o
 .debug_aranges
                0x00000080       0x20 ./src/intc_SW_mode_isr_vectors_MPC5748G.o
 .debug_aranges
                0x000000a0       0x18 ./src/flashrchw.o
 .debug_aranges
                0x000000b8       0x18 ./src/Vector.o
 .debug_aranges
                0x000000d0       0x38 ./src/MPC57xx__Interrupt_Init.o
 .debug_aranges
                0x00000108       0x20 ./Project_Settings/Startup_Code/startup.o

.debug_ranges   0x00000000       0x88
 .debug_ranges  0x00000000       0x50 ./src/main.o
 .debug_ranges  0x00000050       0x10 ./src/intc_SW_mode_isr_vectors_MPC5748G.o
 .debug_ranges  0x00000060       0x28 ./src/MPC57xx__Interrupt_Init.o

.debug_macro    0x00000000    0x181a8
 .debug_macro   0x00000000       0xc2 ./src/main.o
 .debug_macro   0x000000c2      0x61c ./src/main.o
 .debug_macro   0x000006de       0x52 ./src/main.o
 .debug_macro   0x00000730       0xa0 ./src/main.o
 .debug_macro   0x000007d0       0x16 ./src/main.o
 .debug_macro   0x000007e6       0x64 ./src/main.o
 .debug_macro   0x0000084a      0x1a3 ./src/main.o
 .debug_macro   0x000009ed      0x133 ./src/main.o
 .debug_macro   0x00000b20       0x9d ./src/main.o
 .debug_macro   0x00000bbd       0x10 ./src/main.o
 .debug_macro   0x00000bcd      0x15b ./src/main.o
 .debug_macro   0x00000d28       0x28 ./src/main.o
 .debug_macro   0x00000d50       0x58 ./src/main.o
 .debug_macro   0x00000da8    0x17154 ./src/main.o
 .debug_macro   0x00017efc       0xa1 ./src/intc_SW_mode_isr_vectors_MPC5748G.o
 .debug_macro   0x00017f9d       0xd1 ./src/flashrchw.o
 .debug_macro   0x0001806e       0x41 ./src/Vector.o
 .debug_macro   0x000180af       0x2e ./src/Vector.o
 .debug_macro   0x000180dd       0xcb ./src/MPC57xx__Interrupt_Init.o

.debug_line     0x00000000      0xb80
 .debug_line    0x00000000      0x2dd ./src/main.o
 .debug_line    0x000002dd       0x5d ./src/intc_sw_handlers.o
 .debug_line    0x0000033a      0x20e ./src/intc_SW_mode_isr_vectors_MPC5748G.o
 .debug_line    0x00000548      0x1e1 ./src/flashrchw.o
 .debug_line    0x00000729      0x10b ./src/Vector.o
 .debug_line    0x00000834      0x273 ./src/MPC57xx__Interrupt_Init.o
 .debug_line    0x00000aa7       0xd9 ./Project_Settings/Startup_Code/startup.o

.debug_str      0x00000000    0x63967
 .debug_str     0x00000000    0x635f2 ./src/main.o
                              0x636f0 (size before relaxing)
 .debug_str     0x000635f2       0x44 ./src/intc_SW_mode_isr_vectors_MPC5748G.o
                               0x3a7f (size before relaxing)
 .debug_str     0x00063636       0xee ./src/flashrchw.o
                               0x3b20 (size before relaxing)
 .debug_str     0x00063724      0x185 ./src/Vector.o
                               0x24d3 (size before relaxing)
 .debug_str     0x000638a9       0xbe ./src/MPC57xx__Interrupt_Init.o
                              0x61960 (size before relaxing)

.debug_frame    0x00000000      0x218
 .debug_frame   0x00000000      0x14c ./src/main.o
 .debug_frame   0x0000014c       0x2c ./src/intc_SW_mode_isr_vectors_MPC5748G.o
 .debug_frame   0x00000178       0xa0 ./src/MPC57xx__Interrupt_Init.o
